<html>
<body>
<pre>
<h1>µVision Build Log</h1>
<h2>Tool Versions:</h2>
IDE-Version: ¶ÃVision V5.14.0.0
Copyright (C) 2015 ARM Ltd and ARM Germany GmbH. All rights reserved.
License Information: G QL, Nixiak, LIC=21E4T-RBMFV-BS4YX-HJM4G-ZJPCM-TJ69K
 
Tool Versions:
Toolchain:       MDK-ARM Standard  Version: 5.14.0.0
Toolchain Path:  D:\keil_5\ARM\ARMCC\Bin
C Compiler:      Armcc.exe V5.05 update 1 (build 106)
Assembler:       Armasm.exe V5.05 update 1 (build 106)
Linker/Locator:  ArmLink.exe V5.05 update 1 (build 106)
Library Manager: ArmAr.exe V5.05 update 1 (build 106)
Hex Converter:   FromElf.exe V5.05 update 1 (build 106)
CPU DLL:         SARMCM3.DLL V5.14.0.0
Dialog DLL:      DCM.DLL V1.13.1.0
Target DLL:      STLink\ST-LINKIII-KEIL_SWO.dll V2.0.14.0_KEIL
Dialog DLL:      TCM.DLL V1.14.4.0
 
<h2>Project:</h2>
D:\Desk\’®µØƒ÷÷”\USER\TIMER.uvprojx
Project File Date:  10/26/2022

<h2>Output:</h2>
Rebuild target 'TIMER'
compiling main.c...
..\HARDWARE\KEY\key.h(48): warning:  #1-D: last line of file ends without a newline
  #endif
main.c(147): warning:  #111-D: statement is unreachable
                                break;
main.c(162): warning:  #550-D: variable "sum" was set but never used
        int sum = 0;
main.c(163): warning:  #177-D: variable "keys" was declared but never referenced
        int keys = 0;
main.c: 4 warnings, 0 errors
compiling stm32f10x_it.c...
compiling system_stm32f10x.c...
compiling led.c...
compiling key.c...
..\HARDWARE\KEY\key.h(48): warning:  #1-D: last line of file ends without a newline
  #endif
..\HARDWARE\KEY\key.c(65): warning:  #940-D: missing return statement at end of non-void function "KEY_Scan"
  }
..\HARDWARE\KEY\key.c: 2 warnings, 0 errors
compiling timer.c...
compiling delay.c...
compiling sys.c...
compiling usart.c...
compiling core_cm3.c...
assembling startup_stm32f10x_hd.s...
compiling misc.c...
compiling stm32f10x_gpio.c...
compiling stm32f10x_rcc.c...
compiling stm32f10x_tim.c...
compiling stm32f10x_usart.c...
compiling TM1637.c...
compiling beep.c...
linking...
Program Size: Code=10676 RO-data=336 RW-data=80 ZI-data=1832  
FromELF: creating hex file...
"..\OBJ\TIMER.axf" - 0 Error(s), 6 Warning(s).

<h2>Collection of Component include folders:</h2>
  D:\Desk\’®µØƒ÷÷”\USER\RTE
  D:\keil_5\ARM\PACK\Keil\STM32F1xx_DFP\2.2.0

<h2>Collection of Component Files used:</h2>
</pre>
</body>
</html>
